<?xml version="1.0" encoding="ISO-8859-1" ?>
<link_info>
   <banner>MSP430 Linker PC v20.2.3.LTS</banner>
   <copyright>Copyright (c) 2003-2018 Texas Instruments Incorporated</copyright>
   <link_time>0x6045f2dd</link_time>
   <link_errors>0x0</link_errors>
   <output_file>AD7705_read_SPI_KDWong-libraryport.out</output_file>
   <entry_point>
      <name>_c_int00_noargs</name>
      <address>0x4516</address>
   </entry_point>
   <input_file_list>
      <input_file id="fl-2">
         <path>.\</path>
         <kind>object</kind>
         <file>ADC.obj</file>
         <name>ADC.obj</name>
      </input_file>
      <input_file id="fl-3">
         <path>.\</path>
         <kind>object</kind>
         <file>Clock_and_timer.obj</file>
         <name>Clock_and_timer.obj</name>
      </input_file>
      <input_file id="fl-4">
         <path>.\</path>
         <kind>object</kind>
         <file>SPI.obj</file>
         <name>SPI.obj</name>
      </input_file>
      <input_file id="fl-5">
         <path>.\</path>
         <kind>object</kind>
         <file>UART.obj</file>
         <name>UART.obj</name>
      </input_file>
      <input_file id="fl-6">
         <path>.\</path>
         <kind>object</kind>
         <file>main.obj</file>
         <name>main.obj</name>
      </input_file>
      <input_file id="fl-7">
         <path>.\driverlib\MSP430F5xx_6xx\</path>
         <kind>object</kind>
         <file>adc10_a.obj</file>
         <name>adc10_a.obj</name>
      </input_file>
      <input_file id="fl-8">
         <path>.\driverlib\MSP430F5xx_6xx\</path>
         <kind>object</kind>
         <file>adc12_a.obj</file>
         <name>adc12_a.obj</name>
      </input_file>
      <input_file id="fl-9">
         <path>.\driverlib\MSP430F5xx_6xx\</path>
         <kind>object</kind>
         <file>aes.obj</file>
         <name>aes.obj</name>
      </input_file>
      <input_file id="fl-a">
         <path>.\driverlib\MSP430F5xx_6xx\</path>
         <kind>object</kind>
         <file>battbak.obj</file>
         <name>battbak.obj</name>
      </input_file>
      <input_file id="fl-b">
         <path>.\driverlib\MSP430F5xx_6xx\</path>
         <kind>object</kind>
         <file>comp_b.obj</file>
         <name>comp_b.obj</name>
      </input_file>
      <input_file id="fl-c">
         <path>.\driverlib\MSP430F5xx_6xx\</path>
         <kind>object</kind>
         <file>crc.obj</file>
         <name>crc.obj</name>
      </input_file>
      <input_file id="fl-d">
         <path>.\driverlib\MSP430F5xx_6xx\</path>
         <kind>object</kind>
         <file>ctsd16.obj</file>
         <name>ctsd16.obj</name>
      </input_file>
      <input_file id="fl-e">
         <path>.\driverlib\MSP430F5xx_6xx\</path>
         <kind>object</kind>
         <file>dac12_a.obj</file>
         <name>dac12_a.obj</name>
      </input_file>
      <input_file id="fl-f">
         <path>.\driverlib\MSP430F5xx_6xx\</path>
         <kind>object</kind>
         <file>dma.obj</file>
         <name>dma.obj</name>
      </input_file>
      <input_file id="fl-10">
         <path>.\driverlib\MSP430F5xx_6xx\</path>
         <kind>object</kind>
         <file>eusci_a_spi.obj</file>
         <name>eusci_a_spi.obj</name>
      </input_file>
      <input_file id="fl-11">
         <path>.\driverlib\MSP430F5xx_6xx\</path>
         <kind>object</kind>
         <file>eusci_a_uart.obj</file>
         <name>eusci_a_uart.obj</name>
      </input_file>
      <input_file id="fl-12">
         <path>.\driverlib\MSP430F5xx_6xx\</path>
         <kind>object</kind>
         <file>eusci_b_i2c.obj</file>
         <name>eusci_b_i2c.obj</name>
      </input_file>
      <input_file id="fl-13">
         <path>.\driverlib\MSP430F5xx_6xx\</path>
         <kind>object</kind>
         <file>eusci_b_spi.obj</file>
         <name>eusci_b_spi.obj</name>
      </input_file>
      <input_file id="fl-14">
         <path>.\driverlib\MSP430F5xx_6xx\</path>
         <kind>object</kind>
         <file>flashctl.obj</file>
         <name>flashctl.obj</name>
      </input_file>
      <input_file id="fl-15">
         <path>.\driverlib\MSP430F5xx_6xx\</path>
         <kind>object</kind>
         <file>gpio.obj</file>
         <name>gpio.obj</name>
      </input_file>
      <input_file id="fl-16">
         <path>.\driverlib\MSP430F5xx_6xx\</path>
         <kind>object</kind>
         <file>lcd_b.obj</file>
         <name>lcd_b.obj</name>
      </input_file>
      <input_file id="fl-17">
         <path>.\driverlib\MSP430F5xx_6xx\</path>
         <kind>object</kind>
         <file>lcd_c.obj</file>
         <name>lcd_c.obj</name>
      </input_file>
      <input_file id="fl-18">
         <path>.\driverlib\MSP430F5xx_6xx\</path>
         <kind>object</kind>
         <file>ldopwr.obj</file>
         <name>ldopwr.obj</name>
      </input_file>
      <input_file id="fl-19">
         <path>.\driverlib\MSP430F5xx_6xx\</path>
         <kind>object</kind>
         <file>mpy32.obj</file>
         <name>mpy32.obj</name>
      </input_file>
      <input_file id="fl-1a">
         <path>.\driverlib\MSP430F5xx_6xx\</path>
         <kind>object</kind>
         <file>oa.obj</file>
         <name>oa.obj</name>
      </input_file>
      <input_file id="fl-1b">
         <path>.\driverlib\MSP430F5xx_6xx\</path>
         <kind>object</kind>
         <file>pmap.obj</file>
         <name>pmap.obj</name>
      </input_file>
      <input_file id="fl-1c">
         <path>.\driverlib\MSP430F5xx_6xx\</path>
         <kind>object</kind>
         <file>pmm.obj</file>
         <name>pmm.obj</name>
      </input_file>
      <input_file id="fl-1d">
         <path>.\driverlib\MSP430F5xx_6xx\</path>
         <kind>object</kind>
         <file>ram.obj</file>
         <name>ram.obj</name>
      </input_file>
      <input_file id="fl-1e">
         <path>.\driverlib\MSP430F5xx_6xx\</path>
         <kind>object</kind>
         <file>ref.obj</file>
         <name>ref.obj</name>
      </input_file>
      <input_file id="fl-1f">
         <path>.\driverlib\MSP430F5xx_6xx\</path>
         <kind>object</kind>
         <file>rtc_a.obj</file>
         <name>rtc_a.obj</name>
      </input_file>
      <input_file id="fl-20">
         <path>.\driverlib\MSP430F5xx_6xx\</path>
         <kind>object</kind>
         <file>rtc_b.obj</file>
         <name>rtc_b.obj</name>
      </input_file>
      <input_file id="fl-21">
         <path>.\driverlib\MSP430F5xx_6xx\</path>
         <kind>object</kind>
         <file>rtc_c.obj</file>
         <name>rtc_c.obj</name>
      </input_file>
      <input_file id="fl-22">
         <path>.\driverlib\MSP430F5xx_6xx\</path>
         <kind>object</kind>
         <file>sd24_b.obj</file>
         <name>sd24_b.obj</name>
      </input_file>
      <input_file id="fl-23">
         <path>.\driverlib\MSP430F5xx_6xx\</path>
         <kind>object</kind>
         <file>sfr.obj</file>
         <name>sfr.obj</name>
      </input_file>
      <input_file id="fl-24">
         <path>.\driverlib\MSP430F5xx_6xx\</path>
         <kind>object</kind>
         <file>sysctl.obj</file>
         <name>sysctl.obj</name>
      </input_file>
      <input_file id="fl-25">
         <path>.\driverlib\MSP430F5xx_6xx\</path>
         <kind>object</kind>
         <file>tec.obj</file>
         <name>tec.obj</name>
      </input_file>
      <input_file id="fl-26">
         <path>.\driverlib\MSP430F5xx_6xx\</path>
         <kind>object</kind>
         <file>timer_a.obj</file>
         <name>timer_a.obj</name>
      </input_file>
      <input_file id="fl-27">
         <path>.\driverlib\MSP430F5xx_6xx\</path>
         <kind>object</kind>
         <file>timer_b.obj</file>
         <name>timer_b.obj</name>
      </input_file>
      <input_file id="fl-28">
         <path>.\driverlib\MSP430F5xx_6xx\</path>
         <kind>object</kind>
         <file>timer_d.obj</file>
         <name>timer_d.obj</name>
      </input_file>
      <input_file id="fl-29">
         <path>.\driverlib\MSP430F5xx_6xx\</path>
         <kind>object</kind>
         <file>tlv.obj</file>
         <name>tlv.obj</name>
      </input_file>
      <input_file id="fl-2a">
         <path>.\driverlib\MSP430F5xx_6xx\</path>
         <kind>object</kind>
         <file>ucs.obj</file>
         <name>ucs.obj</name>
      </input_file>
      <input_file id="fl-2b">
         <path>.\driverlib\MSP430F5xx_6xx\</path>
         <kind>object</kind>
         <file>usci_a_spi.obj</file>
         <name>usci_a_spi.obj</name>
      </input_file>
      <input_file id="fl-2c">
         <path>.\driverlib\MSP430F5xx_6xx\</path>
         <kind>object</kind>
         <file>usci_a_uart.obj</file>
         <name>usci_a_uart.obj</name>
      </input_file>
      <input_file id="fl-2d">
         <path>.\driverlib\MSP430F5xx_6xx\</path>
         <kind>object</kind>
         <file>usci_b_i2c.obj</file>
         <name>usci_b_i2c.obj</name>
      </input_file>
      <input_file id="fl-2e">
         <path>.\driverlib\MSP430F5xx_6xx\</path>
         <kind>object</kind>
         <file>usci_b_spi.obj</file>
         <name>usci_b_spi.obj</name>
      </input_file>
      <input_file id="fl-2f">
         <path>.\driverlib\MSP430F5xx_6xx\</path>
         <kind>object</kind>
         <file>wdt_a.obj</file>
         <name>wdt_a.obj</name>
      </input_file>
      <input_file id="fl-35">
         <kind>object</kind>
         <file>&lt;internal&gt;</file>
         <name>&lt;internal&gt;</name>
      </input_file>
      <input_file id="fl-50">
         <path>C:\ti\ccs1011\ccs\tools\compiler\ti-cgt-msp430_20.2.3.LTS\lib\</path>
         <kind>archive</kind>
         <file>rts430x_lc_rd_eabi.lib</file>
         <name>sprintf.c.obj</name>
      </input_file>
      <input_file id="fl-51">
         <path>C:\ti\ccs1011\ccs\tools\compiler\ti-cgt-msp430_20.2.3.LTS\lib\</path>
         <kind>archive</kind>
         <file>rts430x_lc_rd_eabi.lib</file>
         <name>div16s.asm.obj</name>
      </input_file>
      <input_file id="fl-52">
         <path>C:\ti\ccs1011\ccs\tools\compiler\ti-cgt-msp430_20.2.3.LTS\lib\</path>
         <kind>archive</kind>
         <file>rts430x_lc_rd_eabi.lib</file>
         <name>div16u.asm.obj</name>
      </input_file>
      <input_file id="fl-53">
         <path>C:\ti\ccs1011\ccs\tools\compiler\ti-cgt-msp430_20.2.3.LTS\lib\</path>
         <kind>archive</kind>
         <file>rts430x_lc_rd_eabi.lib</file>
         <name>div32s.asm.obj</name>
      </input_file>
      <input_file id="fl-54">
         <path>C:\ti\ccs1011\ccs\tools\compiler\ti-cgt-msp430_20.2.3.LTS\lib\</path>
         <kind>archive</kind>
         <file>rts430x_lc_rd_eabi.lib</file>
         <name>div32u.asm.obj</name>
      </input_file>
      <input_file id="fl-55">
         <path>C:\ti\ccs1011\ccs\tools\compiler\ti-cgt-msp430_20.2.3.LTS\lib\</path>
         <kind>archive</kind>
         <file>rts430x_lc_rd_eabi.lib</file>
         <name>int41.asm.obj</name>
      </input_file>
      <input_file id="fl-56">
         <path>C:\ti\ccs1011\ccs\tools\compiler\ti-cgt-msp430_20.2.3.LTS\lib\</path>
         <kind>archive</kind>
         <file>rts430x_lc_rd_eabi.lib</file>
         <name>int42.asm.obj</name>
      </input_file>
      <input_file id="fl-57">
         <path>C:\ti\ccs1011\ccs\tools\compiler\ti-cgt-msp430_20.2.3.LTS\lib\</path>
         <kind>archive</kind>
         <file>rts430x_lc_rd_eabi.lib</file>
         <name>int43.asm.obj</name>
      </input_file>
      <input_file id="fl-58">
         <path>C:\ti\ccs1011\ccs\tools\compiler\ti-cgt-msp430_20.2.3.LTS\lib\</path>
         <kind>archive</kind>
         <file>rts430x_lc_rd_eabi.lib</file>
         <name>int44.asm.obj</name>
      </input_file>
      <input_file id="fl-59">
         <path>C:\ti\ccs1011\ccs\tools\compiler\ti-cgt-msp430_20.2.3.LTS\lib\</path>
         <kind>archive</kind>
         <file>rts430x_lc_rd_eabi.lib</file>
         <name>int45.asm.obj</name>
      </input_file>
      <input_file id="fl-5a">
         <path>C:\ti\ccs1011\ccs\tools\compiler\ti-cgt-msp430_20.2.3.LTS\lib\</path>
         <kind>archive</kind>
         <file>rts430x_lc_rd_eabi.lib</file>
         <name>int47.asm.obj</name>
      </input_file>
      <input_file id="fl-5b">
         <path>C:\ti\ccs1011\ccs\tools\compiler\ti-cgt-msp430_20.2.3.LTS\lib\</path>
         <kind>archive</kind>
         <file>rts430x_lc_rd_eabi.lib</file>
         <name>int48.asm.obj</name>
      </input_file>
      <input_file id="fl-5c">
         <path>C:\ti\ccs1011\ccs\tools\compiler\ti-cgt-msp430_20.2.3.LTS\lib\</path>
         <kind>archive</kind>
         <file>rts430x_lc_rd_eabi.lib</file>
         <name>int49.asm.obj</name>
      </input_file>
      <input_file id="fl-5d">
         <path>C:\ti\ccs1011\ccs\tools\compiler\ti-cgt-msp430_20.2.3.LTS\lib\</path>
         <kind>archive</kind>
         <file>rts430x_lc_rd_eabi.lib</file>
         <name>int50.asm.obj</name>
      </input_file>
      <input_file id="fl-5e">
         <path>C:\ti\ccs1011\ccs\tools\compiler\ti-cgt-msp430_20.2.3.LTS\lib\</path>
         <kind>archive</kind>
         <file>rts430x_lc_rd_eabi.lib</file>
         <name>int51.asm.obj</name>
      </input_file>
      <input_file id="fl-5f">
         <path>C:\ti\ccs1011\ccs\tools\compiler\ti-cgt-msp430_20.2.3.LTS\lib\</path>
         <kind>archive</kind>
         <file>rts430x_lc_rd_eabi.lib</file>
         <name>int52.asm.obj</name>
      </input_file>
      <input_file id="fl-60">
         <path>C:\ti\ccs1011\ccs\tools\compiler\ti-cgt-msp430_20.2.3.LTS\lib\</path>
         <kind>archive</kind>
         <file>rts430x_lc_rd_eabi.lib</file>
         <name>int53.asm.obj</name>
      </input_file>
      <input_file id="fl-61">
         <path>C:\ti\ccs1011\ccs\tools\compiler\ti-cgt-msp430_20.2.3.LTS\lib\</path>
         <kind>archive</kind>
         <file>rts430x_lc_rd_eabi.lib</file>
         <name>int54.asm.obj</name>
      </input_file>
      <input_file id="fl-62">
         <path>C:\ti\ccs1011\ccs\tools\compiler\ti-cgt-msp430_20.2.3.LTS\lib\</path>
         <kind>archive</kind>
         <file>rts430x_lc_rd_eabi.lib</file>
         <name>int55.asm.obj</name>
      </input_file>
      <input_file id="fl-63">
         <path>C:\ti\ccs1011\ccs\tools\compiler\ti-cgt-msp430_20.2.3.LTS\lib\</path>
         <kind>archive</kind>
         <file>rts430x_lc_rd_eabi.lib</file>
         <name>int56.asm.obj</name>
      </input_file>
      <input_file id="fl-64">
         <path>C:\ti\ccs1011\ccs\tools\compiler\ti-cgt-msp430_20.2.3.LTS\lib\</path>
         <kind>archive</kind>
         <file>rts430x_lc_rd_eabi.lib</file>
         <name>int57.asm.obj</name>
      </input_file>
      <input_file id="fl-65">
         <path>C:\ti\ccs1011\ccs\tools\compiler\ti-cgt-msp430_20.2.3.LTS\lib\</path>
         <kind>archive</kind>
         <file>rts430x_lc_rd_eabi.lib</file>
         <name>int58.asm.obj</name>
      </input_file>
      <input_file id="fl-66">
         <path>C:\ti\ccs1011\ccs\tools\compiler\ti-cgt-msp430_20.2.3.LTS\lib\</path>
         <kind>archive</kind>
         <file>rts430x_lc_rd_eabi.lib</file>
         <name>int59.asm.obj</name>
      </input_file>
      <input_file id="fl-67">
         <path>C:\ti\ccs1011\ccs\tools\compiler\ti-cgt-msp430_20.2.3.LTS\lib\</path>
         <kind>archive</kind>
         <file>rts430x_lc_rd_eabi.lib</file>
         <name>int60.asm.obj</name>
      </input_file>
      <input_file id="fl-68">
         <path>C:\ti\ccs1011\ccs\tools\compiler\ti-cgt-msp430_20.2.3.LTS\lib\</path>
         <kind>archive</kind>
         <file>rts430x_lc_rd_eabi.lib</file>
         <name>int61.asm.obj</name>
      </input_file>
      <input_file id="fl-69">
         <path>C:\ti\ccs1011\ccs\tools\compiler\ti-cgt-msp430_20.2.3.LTS\lib\</path>
         <kind>archive</kind>
         <file>rts430x_lc_rd_eabi.lib</file>
         <name>int62.asm.obj</name>
      </input_file>
      <input_file id="fl-6a">
         <path>C:\ti\ccs1011\ccs\tools\compiler\ti-cgt-msp430_20.2.3.LTS\lib\</path>
         <kind>archive</kind>
         <file>rts430x_lc_rd_eabi.lib</file>
         <name>isr_trap.asm.obj</name>
      </input_file>
      <input_file id="fl-6b">
         <path>C:\ti\ccs1011\ccs\tools\compiler\ti-cgt-msp430_20.2.3.LTS\lib\</path>
         <kind>archive</kind>
         <file>rts430x_lc_rd_eabi.lib</file>
         <name>lsl16.asm.obj</name>
      </input_file>
      <input_file id="fl-6c">
         <path>C:\ti\ccs1011\ccs\tools\compiler\ti-cgt-msp430_20.2.3.LTS\lib\</path>
         <kind>archive</kind>
         <file>rts430x_lc_rd_eabi.lib</file>
         <name>mult16_f5hw.asm.obj</name>
      </input_file>
      <input_file id="fl-6d">
         <path>C:\ti\ccs1011\ccs\tools\compiler\ti-cgt-msp430_20.2.3.LTS\lib\</path>
         <kind>archive</kind>
         <file>rts430x_lc_rd_eabi.lib</file>
         <name>mult1632_f5hw.asm.obj</name>
      </input_file>
      <input_file id="fl-6e">
         <path>C:\ti\ccs1011\ccs\tools\compiler\ti-cgt-msp430_20.2.3.LTS\lib\</path>
         <kind>archive</kind>
         <file>rts430x_lc_rd_eabi.lib</file>
         <name>mult32.asm.obj</name>
      </input_file>
      <input_file id="fl-6f">
         <path>C:\ti\ccs1011\ccs\tools\compiler\ti-cgt-msp430_20.2.3.LTS\lib\</path>
         <kind>archive</kind>
         <file>rts430x_lc_rd_eabi.lib</file>
         <name>mult32_f5hw.asm.obj</name>
      </input_file>
      <input_file id="fl-70">
         <path>C:\ti\ccs1011\ccs\tools\compiler\ti-cgt-msp430_20.2.3.LTS\lib\</path>
         <kind>archive</kind>
         <file>rts430x_lc_rd_eabi.lib</file>
         <name>mult3264_f5hw.asm.obj</name>
      </input_file>
      <input_file id="fl-71">
         <path>C:\ti\ccs1011\ccs\tools\compiler\ti-cgt-msp430_20.2.3.LTS\lib\</path>
         <kind>archive</kind>
         <file>rts430x_lc_rd_eabi.lib</file>
         <name>mult64_f5hw.asm.obj</name>
      </input_file>
      <input_file id="fl-72">
         <path>C:\ti\ccs1011\ccs\tools\compiler\ti-cgt-msp430_20.2.3.LTS\lib\</path>
         <kind>archive</kind>
         <file>rts430x_lc_rd_eabi.lib</file>
         <name>boot.c.obj</name>
      </input_file>
      <input_file id="fl-73">
         <path>C:\ti\ccs1011\ccs\tools\compiler\ti-cgt-msp430_20.2.3.LTS\lib\</path>
         <kind>archive</kind>
         <file>rts430x_lc_rd_eabi.lib</file>
         <name>autoinit.c.obj</name>
      </input_file>
      <input_file id="fl-74">
         <path>C:\ti\ccs1011\ccs\tools\compiler\ti-cgt-msp430_20.2.3.LTS\lib\</path>
         <kind>archive</kind>
         <file>rts430x_lc_rd_eabi.lib</file>
         <name>copy_zero_init.c.obj</name>
      </input_file>
      <input_file id="fl-75">
         <path>C:\ti\ccs1011\ccs\tools\compiler\ti-cgt-msp430_20.2.3.LTS\lib\</path>
         <kind>archive</kind>
         <file>rts430x_lc_rd_eabi.lib</file>
         <name>cpy_tbl.c.obj</name>
      </input_file>
      <input_file id="fl-76">
         <path>C:\ti\ccs1011\ccs\tools\compiler\ti-cgt-msp430_20.2.3.LTS\lib\</path>
         <kind>archive</kind>
         <file>rts430x_lc_rd_eabi.lib</file>
         <name>mpu_init.c.obj</name>
      </input_file>
      <input_file id="fl-77">
         <path>C:\ti\ccs1011\ccs\tools\compiler\ti-cgt-msp430_20.2.3.LTS\lib\</path>
         <kind>archive</kind>
         <file>rts430x_lc_rd_eabi.lib</file>
         <name>pre_init.c.obj</name>
      </input_file>
      <input_file id="fl-78">
         <path>C:\ti\ccs1011\ccs\tools\compiler\ti-cgt-msp430_20.2.3.LTS\lib\</path>
         <kind>archive</kind>
         <file>rts430x_lc_rd_eabi.lib</file>
         <name>startup.c.obj</name>
      </input_file>
      <input_file id="fl-79">
         <path>C:\ti\ccs1011\ccs\tools\compiler\ti-cgt-msp430_20.2.3.LTS\lib\</path>
         <kind>archive</kind>
         <file>rts430x_lc_rd_eabi.lib</file>
         <name>copy_decompress_none.c.obj</name>
      </input_file>
      <input_file id="fl-7a">
         <path>C:\ti\ccs1011\ccs\tools\compiler\ti-cgt-msp430_20.2.3.LTS\lib\</path>
         <kind>archive</kind>
         <file>rts430x_lc_rd_eabi.lib</file>
         <name>copy_decompress_lzss.c.obj</name>
      </input_file>
      <input_file id="fl-7b">
         <path>C:\ti\ccs1011\ccs\tools\compiler\ti-cgt-msp430_20.2.3.LTS\lib\</path>
         <kind>archive</kind>
         <file>rts430x_lc_rd_eabi.lib</file>
         <name>exit.c.obj</name>
      </input_file>
      <input_file id="fl-7c">
         <path>C:\ti\ccs1011\ccs\tools\compiler\ti-cgt-msp430_20.2.3.LTS\lib\</path>
         <kind>archive</kind>
         <file>rts430x_lc_rd_eabi.lib</file>
         <name>_lock.c.obj</name>
      </input_file>
      <input_file id="fl-7d">
         <path>C:\ti\ccs1011\ccs\tools\compiler\ti-cgt-msp430_20.2.3.LTS\lib\</path>
         <kind>archive</kind>
         <file>rts430x_lc_rd_eabi.lib</file>
         <name>args_main.c.obj</name>
      </input_file>
      <input_file id="fl-7e">
         <path>C:\ti\ccs1011\ccs\tools\compiler\ti-cgt-msp430_20.2.3.LTS\lib\</path>
         <kind>archive</kind>
         <file>rts430x_lc_rd_eabi.lib</file>
         <name>memcpy.c.obj</name>
      </input_file>
      <input_file id="fl-7f">
         <path>C:\ti\ccs1011\ccs\tools\compiler\ti-cgt-msp430_20.2.3.LTS\lib\</path>
         <kind>archive</kind>
         <file>rts430x_lc_rd_eabi.lib</file>
         <name>strlen.c.obj</name>
      </input_file>
      <input_file id="fl-80">
         <path>C:\ti\ccs1011\ccs\tools\compiler\ti-cgt-msp430_20.2.3.LTS\lib\</path>
         <kind>archive</kind>
         <file>rts430x_lc_rd_eabi.lib</file>
         <name>_printfi_nf.c.obj</name>
      </input_file>
      <input_file id="fl-81">
         <path>C:\ti\ccs1011\ccs\tools\compiler\ti-cgt-msp430_20.2.3.LTS\lib\</path>
         <kind>archive</kind>
         <file>rts430x_lc_rd_eabi.lib</file>
         <name>mult16.asm.obj</name>
      </input_file>
      <input_file id="fl-82">
         <path>C:\ti\ccs1011\ccs\tools\compiler\ti-cgt-msp430_20.2.3.LTS\lib\</path>
         <kind>archive</kind>
         <file>rts430x_lc_rd_eabi.lib</file>
         <name>exit_gvars.c.obj</name>
      </input_file>
      <input_file id="fl-83">
         <path>C:\ti\ccs1011\ccs\tools\compiler\ti-cgt-msp430_20.2.3.LTS\lib\</path>
         <kind>archive</kind>
         <file>rts430x_lc_rd_eabi.lib</file>
         <name>lsr64.c.obj</name>
      </input_file>
      <input_file id="fl-84">
         <path>C:\ti\ccs1011\ccs\tools\compiler\ti-cgt-msp430_20.2.3.LTS\lib\</path>
         <kind>archive</kind>
         <file>rts430x_lc_rd_eabi.lib</file>
         <name>div64u.c.obj</name>
      </input_file>
      <input_file id="fl-85">
         <path>C:\ti\ccs1011\ccs\tools\compiler\ti-cgt-msp430_20.2.3.LTS\lib\</path>
         <kind>archive</kind>
         <file>rts430x_lc_rd_eabi.lib</file>
         <name>atoi.c.obj</name>
      </input_file>
      <input_file id="fl-86">
         <path>C:\ti\ccs1011\ccs\tools\compiler\ti-cgt-msp430_20.2.3.LTS\lib\</path>
         <kind>archive</kind>
         <file>rts430x_lc_rd_eabi.lib</file>
         <name>ctype.c.obj</name>
      </input_file>
      <input_file id="fl-87">
         <path>C:\ti\ccs1011\ccs\tools\compiler\ti-cgt-msp430_20.2.3.LTS\lib\</path>
         <kind>archive</kind>
         <file>rts430x_lc_rd_eabi.lib</file>
         <name>memccpy.c.obj</name>
      </input_file>
      <input_file id="fl-88">
         <path>C:\ti\ccs1011\ccs\tools\compiler\ti-cgt-msp430_20.2.3.LTS\lib\</path>
         <kind>archive</kind>
         <file>rts430x_lc_rd_eabi.lib</file>
         <name>memset.c.obj</name>
      </input_file>
      <input_file id="fl-89">
         <path>C:\ti\ccs1011\ccs\tools\compiler\ti-cgt-msp430_20.2.3.LTS\lib\</path>
         <kind>archive</kind>
         <file>rts430x_lc_rd_eabi.lib</file>
         <name>errno.c.obj</name>
      </input_file>
      <input_file id="fl-8a">
         <path>C:\ti\ccs1011\ccs\tools\compiler\ti-cgt-msp430_20.2.3.LTS\lib\</path>
         <kind>archive</kind>
         <file>rts430x_lc_rd_eabi.lib</file>
         <name>wcslen.c.obj</name>
      </input_file>
      <input_file id="fl-8b">
         <path>C:\ti\ccs1011\ccs\tools\compiler\ti-cgt-msp430_20.2.3.LTS\lib\</path>
         <kind>archive</kind>
         <file>rts430x_lc_rd_eabi.lib</file>
         <name>lsr32.asm.obj</name>
      </input_file>
      <input_file id="fl-8c">
         <path>C:\ti\ccs1011\ccs\tools\compiler\ti-cgt-msp430_20.2.3.LTS\lib\</path>
         <kind>archive</kind>
         <file>rts430x_lc_rd_eabi.lib</file>
         <name>lsl64.c.obj</name>
      </input_file>
   </input_file_list>
   <object_component_list>
      <object_component id="oc-408">
         <name>.common:stringtosend</name>
         <uninitialized>true</uninitialized>
         <run_address>0x2400</run_address>
         <size>0x28</size>
      </object_component>
      <object_component id="oc-560">
         <name>.data</name>
         <load_address>0x243a</load_address>
         <run_address>0x243a</run_address>
         <size>0x3</size>
         <input_file_ref idref="fl-4"/>
      </object_component>
      <object_component id="oc-3ec">
         <name>.data</name>
         <load_address>0x2428</load_address>
         <run_address>0x2428</run_address>
         <size>0xa</size>
         <input_file_ref idref="fl-6"/>
      </object_component>
      <object_component id="oc-6a5">
         <name>.data</name>
         <load_address>0x2432</load_address>
         <run_address>0x2432</run_address>
         <size>0x8</size>
         <input_file_ref idref="fl-2a"/>
      </object_component>
      <object_component id="oc-60e">
         <name>.data</name>
         <load_address>0x243e</load_address>
         <run_address>0x243e</run_address>
         <size>0x2</size>
         <input_file_ref idref="fl-89"/>
      </object_component>
      <object_component id="oc-36b">
         <name>.stack</name>
         <uninitialized>true</uninitialized>
         <run_address>0x4360</run_address>
         <size>0x4</size>
         <input_file_ref idref="fl-72"/>
      </object_component>
      <object_component id="oc-797">
         <name>.stack</name>
         <uninitialized>true</uninitialized>
         <run_address>0x4360</run_address>
         <size>0x0</size>
      </object_component>
      <object_component id="oc-6d9">
         <name>.text:__mspabi_divull</name>
         <load_address>0x10000</load_address>
         <run_address>0x10000</run_address>
         <size>0x34e</size>
         <input_file_ref idref="fl-84"/>
      </object_component>
      <object_component id="oc-47d">
         <name>.text:__TI_printfi_nofloat</name>
         <load_address>0x1034e</load_address>
         <run_address>0x1034e</run_address>
         <size>0x298</size>
         <input_file_ref idref="fl-80"/>
      </object_component>
      <object_component id="oc-517">
         <name>.text:_setfield</name>
         <load_address>0x105e6</load_address>
         <run_address>0x105e6</run_address>
         <size>0x230</size>
         <input_file_ref idref="fl-80"/>
      </object_component>
      <object_component id="oc-686">
         <name>.text:_getarg_diouxp</name>
         <load_address>0x10816</load_address>
         <run_address>0x10816</run_address>
         <size>0x20c</size>
         <input_file_ref idref="fl-80"/>
      </object_component>
      <object_component id="oc-5fa">
         <name>.text:_pproc_diouxp</name>
         <load_address>0x10a22</load_address>
         <run_address>0x10a22</run_address>
         <size>0x148</size>
         <input_file_ref idref="fl-80"/>
      </object_component>
      <object_component id="oc-68c">
         <name>.text:_ltostr</name>
         <load_address>0x10b6a</load_address>
         <run_address>0x10b6a</run_address>
         <size>0x128</size>
         <input_file_ref idref="fl-80"/>
      </object_component>
      <object_component id="oc-6a8">
         <name>.text:privateUCSSourceClockFromDCO</name>
         <load_address>0x10c92</load_address>
         <run_address>0x10c92</run_address>
         <size>0x110</size>
         <input_file_ref idref="fl-2a"/>
      </object_component>
      <object_component id="oc-511">
         <name>.text:_pproc_fwp</name>
         <load_address>0x10da2</load_address>
         <run_address>0x10da2</run_address>
         <size>0xea</size>
         <input_file_ref idref="fl-80"/>
      </object_component>
      <object_component id="oc-625">
         <name>.text:privateUCSComputeCLKFrequency</name>
         <load_address>0x10e8c</load_address>
         <run_address>0x10e8c</run_address>
         <size>0xe6</size>
         <input_file_ref idref="fl-2a"/>
      </object_component>
      <object_component id="oc-581">
         <name>.text:USCI_A_UART_init</name>
         <load_address>0x10f72</load_address>
         <run_address>0x10f72</run_address>
         <size>0xd6</size>
         <input_file_ref idref="fl-2c"/>
      </object_component>
      <object_component id="oc-523">
         <name>.text:_pproc_wstr</name>
         <load_address>0x11048</load_address>
         <run_address>0x11048</run_address>
         <size>0xc8</size>
         <input_file_ref idref="fl-80"/>
      </object_component>
      <object_component id="oc-51d">
         <name>.text:_pproc_str</name>
         <load_address>0x11110</load_address>
         <run_address>0x11110</run_address>
         <size>0xa6</size>
         <input_file_ref idref="fl-80"/>
      </object_component>
      <object_component id="oc-6d">
         <name>.text:decompress:lzss:__TI_decompress_lzss</name>
         <load_address>0x111b6</load_address>
         <run_address>0x111b6</run_address>
         <size>0x76</size>
         <input_file_ref idref="fl-7a"/>
      </object_component>
      <object_component id="oc-4ac">
         <name>.text:UART_init</name>
         <load_address>0x1122c</load_address>
         <run_address>0x1122c</run_address>
         <size>0x62</size>
         <input_file_ref idref="fl-5"/>
      </object_component>
      <object_component id="oc-5ec">
         <name>.text:atoi</name>
         <load_address>0x1128e</load_address>
         <run_address>0x1128e</run_address>
         <size>0x62</size>
         <input_file_ref idref="fl-85"/>
      </object_component>
      <object_component id="oc-494">
         <name>.text:SPI_init</name>
         <load_address>0x112f0</load_address>
         <run_address>0x112f0</run_address>
         <size>0x60</size>
         <input_file_ref idref="fl-4"/>
      </object_component>
      <object_component id="oc-55a">
         <name>.text:USCI_B_SPI_initMaster</name>
         <load_address>0x11350</load_address>
         <run_address>0x11350</run_address>
         <size>0x5c</size>
         <input_file_ref idref="fl-2e"/>
      </object_component>
      <object_component id="oc-62c">
         <name>.text</name>
         <load_address>0x113ac</load_address>
         <run_address>0x113ac</run_address>
         <size>0x58</size>
         <input_file_ref idref="fl-54"/>
      </object_component>
      <object_component id="oc-4d7">
         <name>.text:__TI_auto_init_nobinit_nopinit_hold_wdt:__TI_auto_init_nobinit_nopinit_hold_wdt</name>
         <load_address>0x11404</load_address>
         <run_address>0x11404</run_address>
         <size>0x54</size>
         <input_file_ref idref="fl-73"/>
      </object_component>
      <object_component id="oc-4a6">
         <name>.text:ADC_init</name>
         <load_address>0x11458</load_address>
         <run_address>0x11458</run_address>
         <size>0x4e</size>
         <input_file_ref idref="fl-2"/>
      </object_component>
      <object_component id="oc-48e">
         <name>.text:GPIO_for_SPI_init</name>
         <load_address>0x114a6</load_address>
         <run_address>0x114a6</run_address>
         <size>0x4c</size>
         <input_file_ref idref="fl-4"/>
      </object_component>
      <object_component id="oc-40b">
         <name>.text:sprintf</name>
         <load_address>0x114f2</load_address>
         <run_address>0x114f2</run_address>
         <size>0x44</size>
         <input_file_ref idref="fl-50"/>
      </object_component>
      <object_component id="oc-6ae">
         <name>.text</name>
         <load_address>0x11536</load_address>
         <run_address>0x11536</run_address>
         <size>0x40</size>
         <input_file_ref idref="fl-53"/>
      </object_component>
      <object_component id="oc-4a0">
         <name>.text:ADC_reset</name>
         <load_address>0x11576</load_address>
         <run_address>0x11576</run_address>
         <size>0x3e</size>
         <input_file_ref idref="fl-2"/>
      </object_component>
      <object_component id="oc-420">
         <name>.text:main</name>
         <load_address>0x115b4</load_address>
         <run_address>0x115b4</run_address>
         <size>0x3e</size>
         <input_file_ref idref="fl-6"/>
      </object_component>
      <object_component id="oc-70a">
         <name>.text:__mspabi_sllll</name>
         <load_address>0x115f2</load_address>
         <run_address>0x115f2</run_address>
         <size>0x3a</size>
         <input_file_ref idref="fl-8c"/>
      </object_component>
      <object_component id="oc-6e4">
         <name>.text:__mspabi_srlll</name>
         <load_address>0x1162c</load_address>
         <run_address>0x1162c</run_address>
         <size>0x3a</size>
         <input_file_ref idref="fl-83"/>
      </object_component>
      <object_component id="oc-53e">
         <name>.text:GPIO_setAsInputPin</name>
         <load_address>0x11666</load_address>
         <run_address>0x11666</run_address>
         <size>0x34</size>
         <input_file_ref idref="fl-15"/>
      </object_component>
      <object_component id="oc-577">
         <name>.text:writeSetupRegister</name>
         <load_address>0x1169a</load_address>
         <run_address>0x1169a</run_address>
         <size>0x32</size>
         <input_file_ref idref="fl-2"/>
      </object_component>
      <object_component id="oc-4ff">
         <name>.text:SPI_send_data_to_slave</name>
         <load_address>0x116cc</load_address>
         <run_address>0x116cc</run_address>
         <size>0x30</size>
         <input_file_ref idref="fl-4"/>
      </object_component>
      <object_component id="oc-463">
         <name>.text:readADresult</name>
         <load_address>0x116fc</load_address>
         <run_address>0x116fc</run_address>
         <size>0x30</size>
         <input_file_ref idref="fl-2"/>
      </object_component>
      <object_component id="oc-6b3">
         <name>.text</name>
         <load_address>0x1172c</load_address>
         <run_address>0x1172c</run_address>
         <size>0x2c</size>
         <input_file_ref idref="fl-51"/>
      </object_component>
      <object_component id="oc-571">
         <name>.text:writeClockRegister</name>
         <load_address>0x11758</load_address>
         <run_address>0x11758</run_address>
         <size>0x2a</size>
         <input_file_ref idref="fl-2"/>
      </object_component>
      <object_component id="oc-538">
         <name>.text:GPIO_setAsOutputPin</name>
         <load_address>0x11782</load_address>
         <run_address>0x11782</run_address>
         <size>0x28</size>
         <input_file_ref idref="fl-15"/>
      </object_component>
      <object_component id="oc-544">
         <name>.text:GPIO_setAsPeripheralModuleFunctionInputPin</name>
         <load_address>0x117aa</load_address>
         <run_address>0x117aa</run_address>
         <size>0x28</size>
         <input_file_ref idref="fl-15"/>
      </object_component>
      <object_component id="oc-54a">
         <name>.text:GPIO_setAsPeripheralModuleFunctionOutputPin</name>
         <load_address>0x117d2</load_address>
         <run_address>0x117d2</run_address>
         <size>0x28</size>
         <input_file_ref idref="fl-15"/>
      </object_component>
      <object_component id="oc-45d">
         <name>.text:setNextOperation</name>
         <load_address>0x117fa</load_address>
         <run_address>0x117fa</run_address>
         <size>0x28</size>
         <input_file_ref idref="fl-2"/>
      </object_component>
      <object_component id="oc-600">
         <name>.text:memccpy</name>
         <load_address>0x11822</load_address>
         <run_address>0x11822</run_address>
         <size>0x26</size>
         <input_file_ref idref="fl-87"/>
      </object_component>
      <object_component id="oc-392">
         <name>.text:decompress:ZI:__TI_zero_init_nomemset:__TI_zero_init_nomemset</name>
         <load_address>0x11848</load_address>
         <run_address>0x11848</run_address>
         <size>0x24</size>
         <input_file_ref idref="fl-74"/>
      </object_component>
      <object_component id="oc-457">
         <name>.text:is_DRDY</name>
         <load_address>0x1186c</load_address>
         <run_address>0x1186c</run_address>
         <size>0x24</size>
         <input_file_ref idref="fl-2"/>
      </object_component>
      <object_component id="oc-700">
         <name>.text</name>
         <load_address>0x11890</load_address>
         <run_address>0x11890</run_address>
         <size>0x24</size>
         <input_file_ref idref="fl-6f"/>
      </object_component>
      <object_component id="oc-401">
         <name>.text:ADC_retrievedata</name>
         <load_address>0x118b4</load_address>
         <run_address>0x118b4</run_address>
         <size>0x22</size>
         <input_file_ref idref="fl-2"/>
      </object_component>
      <object_component id="oc-3fb">
         <name>.text:USCI_A_UART_transmitData</name>
         <load_address>0x118d6</load_address>
         <run_address>0x118d6</run_address>
         <size>0x20</size>
         <input_file_ref idref="fl-2c"/>
      </object_component>
      <object_component id="oc-488">
         <name>.text:WDT_A_hold</name>
         <load_address>0x118f6</load_address>
         <run_address>0x118f6</run_address>
         <size>0x20</size>
         <input_file_ref idref="fl-2f"/>
      </object_component>
      <object_component id="oc-471">
         <name>.text:_outs</name>
         <load_address>0x11916</load_address>
         <run_address>0x11916</run_address>
         <size>0x20</size>
         <input_file_ref idref="fl-50"/>
      </object_component>
      <object_component id="oc-58d">
         <name>.text:USCI_A_UART_enableInterrupt</name>
         <load_address>0x11936</load_address>
         <run_address>0x11936</run_address>
         <size>0x1e</size>
         <input_file_ref idref="fl-2c"/>
      </object_component>
      <object_component id="oc-3e6">
         <name>.text:USCI_A_UART_receiveData</name>
         <load_address>0x11954</load_address>
         <run_address>0x11954</run_address>
         <size>0x1e</size>
         <input_file_ref idref="fl-2c"/>
      </object_component>
      <object_component id="oc-505">
         <name>.text:GPIO_setOutputHighOnPin</name>
         <load_address>0x11972</load_address>
         <run_address>0x11972</run_address>
         <size>0x1c</size>
         <input_file_ref idref="fl-15"/>
      </object_component>
      <object_component id="oc-4f9">
         <name>.text:GPIO_setOutputLowOnPin</name>
         <load_address>0x1198e</load_address>
         <run_address>0x1198e</run_address>
         <size>0x1c</size>
         <input_file_ref idref="fl-15"/>
      </object_component>
      <object_component id="oc-554">
         <name>.text:UCS_getSMCLK</name>
         <load_address>0x119aa</load_address>
         <run_address>0x119aa</run_address>
         <size>0x1a</size>
         <input_file_ref idref="fl-2a"/>
      </object_component>
      <object_component id="oc-666">
         <name>.text</name>
         <load_address>0x119c4</load_address>
         <run_address>0x119c4</run_address>
         <size>0x18</size>
         <input_file_ref idref="fl-6c"/>
      </object_component>
      <object_component id="oc-49a">
         <name>.text:GPIO_for_UART_init</name>
         <load_address>0x119dc</load_address>
         <run_address>0x119dc</run_address>
         <size>0x16</size>
         <input_file_ref idref="fl-5"/>
      </object_component>
      <object_component id="oc-5f3">
         <name>.text:memset</name>
         <load_address>0x119f2</load_address>
         <run_address>0x119f2</run_address>
         <size>0x16</size>
         <input_file_ref idref="fl-88"/>
      </object_component>
      <object_component id="oc-6df">
         <name>.text</name>
         <load_address>0x11a08</load_address>
         <run_address>0x11a08</run_address>
         <size>0x16</size>
         <input_file_ref idref="fl-52"/>
      </object_component>
      <object_component id="oc-608">
         <name>.text:wcslen</name>
         <load_address>0x11a1e</load_address>
         <run_address>0x11a1e</run_address>
         <size>0x16</size>
         <input_file_ref idref="fl-8a"/>
      </object_component>
      <object_component id="oc-477">
         <name>.text:_outc</name>
         <load_address>0x11a34</load_address>
         <run_address>0x11a34</run_address>
         <size>0x14</size>
         <input_file_ref idref="fl-50"/>
      </object_component>
      <object_component id="oc-37a">
         <name>.text:memcpy</name>
         <load_address>0x11a48</load_address>
         <run_address>0x11a48</run_address>
         <size>0x14</size>
         <input_file_ref idref="fl-7e"/>
      </object_component>
      <object_component id="oc-563">
         <name>.text:SPI_enable</name>
         <load_address>0x11a5c</load_address>
         <run_address>0x11a5c</run_address>
         <size>0x12</size>
         <input_file_ref idref="fl-4"/>
      </object_component>
      <object_component id="oc-73">
         <name>.text:decompress:none:__TI_decompress_none</name>
         <load_address>0x11a6e</load_address>
         <run_address>0x11a6e</run_address>
         <size>0x12</size>
         <input_file_ref idref="fl-79"/>
      </object_component>
      <object_component id="oc-5e2">
         <name>.text:SPI_receive_data_from_slave</name>
         <load_address>0x11a80</load_address>
         <run_address>0x11a80</run_address>
         <size>0x10</size>
         <input_file_ref idref="fl-4"/>
      </object_component>
      <object_component id="oc-710">
         <name>.text:l_lsr</name>
         <load_address>0x11a90</load_address>
         <run_address>0x11a90</run_address>
         <size>0x10</size>
         <input_file_ref idref="fl-8b"/>
      </object_component>
      <object_component id="oc-3ef">
         <name>.text:strlen</name>
         <load_address>0x11aa0</load_address>
         <run_address>0x11aa0</run_address>
         <size>0xe</size>
         <input_file_ref idref="fl-7f"/>
      </object_component>
      <object_component id="oc-5dc">
         <name>.text:USCI_B_SPI_isBusy</name>
         <load_address>0x11aae</load_address>
         <run_address>0x11aae</run_address>
         <size>0xc</size>
         <input_file_ref idref="fl-2e"/>
      </object_component>
      <object_component id="oc-3f5">
         <name>.text:USCI_A_UART_getInterruptStatus</name>
         <load_address>0x11aba</load_address>
         <run_address>0x11aba</run_address>
         <size>0xa</size>
         <input_file_ref idref="fl-2c"/>
      </object_component>
      <object_component id="oc-3e0">
         <name>.text:USCI_A_UART_queryStatusFlags</name>
         <load_address>0x11ac4</load_address>
         <run_address>0x11ac4</run_address>
         <size>0xa</size>
         <input_file_ref idref="fl-2c"/>
      </object_component>
      <object_component id="oc-5d0">
         <name>.text:USCI_B_SPI_getInterruptStatus</name>
         <load_address>0x11ace</load_address>
         <run_address>0x11ace</run_address>
         <size>0xa</size>
         <input_file_ref idref="fl-2e"/>
      </object_component>
      <object_component id="oc-5d6">
         <name>.text:USCI_B_SPI_transmitData</name>
         <load_address>0x11ad8</load_address>
         <run_address>0x11ad8</run_address>
         <size>0xa</size>
         <input_file_ref idref="fl-2e"/>
      </object_component>
      <object_component id="oc-6fb">
         <name>.text</name>
         <load_address>0x11ae2</load_address>
         <run_address>0x11ae2</run_address>
         <size>0xa</size>
         <input_file_ref idref="fl-6b"/>
      </object_component>
      <object_component id="oc-678">
         <name>.text:USCI_B_SPI_receiveData</name>
         <load_address>0x11aec</load_address>
         <run_address>0x11aec</run_address>
         <size>0x8</size>
         <input_file_ref idref="fl-2e"/>
      </object_component>
      <object_component id="oc-587">
         <name>.text:USCI_A_UART_enable</name>
         <load_address>0x11af4</load_address>
         <run_address>0x11af4</run_address>
         <size>0x6</size>
         <input_file_ref idref="fl-2c"/>
      </object_component>
      <object_component id="oc-635">
         <name>.text:USCI_B_SPI_enable</name>
         <load_address>0x11afa</load_address>
         <run_address>0x11afa</run_address>
         <size>0x6</size>
         <input_file_ref idref="fl-2e"/>
      </object_component>
      <object_component id="oc-4b3">
         <name>.text:abort</name>
         <load_address>0x11b00</load_address>
         <run_address>0x11b00</run_address>
         <size>0x6</size>
         <input_file_ref idref="fl-7b"/>
      </object_component>
      <object_component id="oc-41a">
         <name>.text:_system_pre_init</name>
         <load_address>0x11b06</load_address>
         <run_address>0x11b06</run_address>
         <size>0x4</size>
         <input_file_ref idref="fl-77"/>
      </object_component>
      <object_component id="oc-5ab">
         <name>.text:_system_post_cinit</name>
         <load_address>0x11b0a</load_address>
         <run_address>0x11b0a</run_address>
         <size>0x2</size>
         <input_file_ref idref="fl-78"/>
      </object_component>
      <object_component id="oc-38c">
         <name>.text:_isr:USCI_A1_ISR</name>
         <load_address>0x4400</load_address>
         <run_address>0x4400</run_address>
         <size>0x116</size>
         <input_file_ref idref="fl-6"/>
      </object_component>
      <object_component id="oc-3a4">
         <name>.text:_isr:_c_int00_noargs</name>
         <load_address>0x4516</load_address>
         <run_address>0x4516</run_address>
         <size>0x1c</size>
         <input_file_ref idref="fl-72"/>
      </object_component>
      <object_component id="oc-387">
         <name>.text:_isr:__TI_ISR_TRAP</name>
         <load_address>0x4532</load_address>
         <run_address>0x4532</run_address>
         <size>0x8</size>
         <input_file_ref idref="fl-6a"/>
      </object_component>
      <object_component id="oc-796">
         <name>.cinit..data.load</name>
         <load_address>0x46c0</load_address>
         <run_address>0x46c0</run_address>
         <size>0x14</size>
      </object_component>
      <object_component id="oc-793">
         <name>__TI_handler_table</name>
         <load_address>0x46d4</load_address>
         <run_address>0x46d4</run_address>
         <size>0xc</size>
      </object_component>
      <object_component id="oc-795">
         <name>.cinit..bss.load</name>
         <load_address>0x46e0</load_address>
         <run_address>0x46e0</run_address>
         <size>0x6</size>
      </object_component>
      <object_component id="oc-794">
         <name>__TI_cinit_table</name>
         <load_address>0x46e6</load_address>
         <run_address>0x46e6</run_address>
         <size>0x10</size>
      </object_component>
      <object_component id="oc-67f">
         <name>.const:.string:_ctypes_</name>
         <load_address>0x453a</load_address>
         <run_address>0x453a</run_address>
         <size>0x101</size>
         <input_file_ref idref="fl-86"/>
      </object_component>
      <object_component id="oc-407">
         <name>.const:.string</name>
         <load_address>0x463c</load_address>
         <run_address>0x463c</run_address>
         <size>0x28</size>
         <input_file_ref idref="fl-6"/>
      </object_component>
      <object_component id="oc-5f9">
         <name>.const:.string</name>
         <load_address>0x4664</load_address>
         <run_address>0x4664</run_address>
         <size>0x26</size>
         <input_file_ref idref="fl-80"/>
      </object_component>
      <object_component id="oc-5cc">
         <name>.const:GPIO_PORT_TO_BASE</name>
         <load_address>0x468a</load_address>
         <run_address>0x468a</run_address>
         <size>0x1c</size>
         <input_file_ref idref="fl-15"/>
      </object_component>
      <object_component id="oc-551">
         <name>.const:$P$T0$1</name>
         <load_address>0x46a6</load_address>
         <run_address>0x46a6</run_address>
         <size>0xe</size>
         <input_file_ref idref="fl-4"/>
      </object_component>
      <object_component id="oc-57e">
         <name>.const:$P$T0$1</name>
         <load_address>0x46b4</load_address>
         <run_address>0x46b4</run_address>
         <size>0xc</size>
         <input_file_ref idref="fl-5"/>
      </object_component>
      <object_component id="oc-725">
         <name>.binit</name>
         <load_address>0x4400</load_address>
         <run_address>0x4400</run_address>
         <size>0x0</size>
      </object_component>
      <object_component id="oc-79">
         <name>.int41</name>
         <load_address>0xffd2</load_address>
         <run_address>0xffd2</run_address>
         <size>0x2</size>
         <input_file_ref idref="fl-55"/>
      </object_component>
      <object_component id="oc-7a">
         <name>.int42</name>
         <load_address>0xffd4</load_address>
         <run_address>0xffd4</run_address>
         <size>0x2</size>
         <input_file_ref idref="fl-56"/>
      </object_component>
      <object_component id="oc-7b">
         <name>.int43</name>
         <load_address>0xffd6</load_address>
         <run_address>0xffd6</run_address>
         <size>0x2</size>
         <input_file_ref idref="fl-57"/>
      </object_component>
      <object_component id="oc-7c">
         <name>.int44</name>
         <load_address>0xffd8</load_address>
         <run_address>0xffd8</run_address>
         <size>0x2</size>
         <input_file_ref idref="fl-58"/>
      </object_component>
      <object_component id="oc-7d">
         <name>.int45</name>
         <load_address>0xffda</load_address>
         <run_address>0xffda</run_address>
         <size>0x2</size>
         <input_file_ref idref="fl-59"/>
      </object_component>
      <object_component id="oc-7e">
         <name>.int46</name>
         <load_address>0xffdc</load_address>
         <run_address>0xffdc</run_address>
         <size>0x2</size>
         <input_file_ref idref="fl-6"/>
      </object_component>
      <object_component id="oc-7f">
         <name>.int47</name>
         <load_address>0xffde</load_address>
         <run_address>0xffde</run_address>
         <size>0x2</size>
         <input_file_ref idref="fl-5a"/>
      </object_component>
      <object_component id="oc-80">
         <name>.int48</name>
         <load_address>0xffe0</load_address>
         <run_address>0xffe0</run_address>
         <size>0x2</size>
         <input_file_ref idref="fl-5b"/>
      </object_component>
      <object_component id="oc-81">
         <name>.int49</name>
         <load_address>0xffe2</load_address>
         <run_address>0xffe2</run_address>
         <size>0x2</size>
         <input_file_ref idref="fl-5c"/>
      </object_component>
      <object_component id="oc-82">
         <name>.int50</name>
         <load_address>0xffe4</load_address>
         <run_address>0xffe4</run_address>
         <size>0x2</size>
         <input_file_ref idref="fl-5d"/>
      </object_component>
      <object_component id="oc-83">
         <name>.int51</name>
         <load_address>0xffe6</load_address>
         <run_address>0xffe6</run_address>
         <size>0x2</size>
         <input_file_ref idref="fl-5e"/>
      </object_component>
      <object_component id="oc-84">
         <name>.int52</name>
         <load_address>0xffe8</load_address>
         <run_address>0xffe8</run_address>
         <size>0x2</size>
         <input_file_ref idref="fl-5f"/>
      </object_component>
      <object_component id="oc-85">
         <name>.int53</name>
         <load_address>0xffea</load_address>
         <run_address>0xffea</run_address>
         <size>0x2</size>
         <input_file_ref idref="fl-60"/>
      </object_component>
      <object_component id="oc-86">
         <name>.int54</name>
         <load_address>0xffec</load_address>
         <run_address>0xffec</run_address>
         <size>0x2</size>
         <input_file_ref idref="fl-61"/>
      </object_component>
      <object_component id="oc-87">
         <name>.int55</name>
         <load_address>0xffee</load_address>
         <run_address>0xffee</run_address>
         <size>0x2</size>
         <input_file_ref idref="fl-62"/>
      </object_component>
      <object_component id="oc-88">
         <name>.int56</name>
         <load_address>0xfff0</load_address>
         <run_address>0xfff0</run_address>
         <size>0x2</size>
         <input_file_ref idref="fl-63"/>
      </object_component>
      <object_component id="oc-89">
         <name>.int57</name>
         <load_address>0xfff2</load_address>
         <run_address>0xfff2</run_address>
         <size>0x2</size>
         <input_file_ref idref="fl-64"/>
      </object_component>
      <object_component id="oc-8a">
         <name>.int58</name>
         <load_address>0xfff4</load_address>
         <run_address>0xfff4</run_address>
         <size>0x2</size>
         <input_file_ref idref="fl-65"/>
      </object_component>
      <object_component id="oc-8b">
         <name>.int59</name>
         <load_address>0xfff6</load_address>
         <run_address>0xfff6</run_address>
         <size>0x2</size>
         <input_file_ref idref="fl-66"/>
      </object_component>
      <object_component id="oc-8c">
         <name>.int60</name>
         <load_address>0xfff8</load_address>
         <run_address>0xfff8</run_address>
         <size>0x2</size>
         <input_file_ref idref="fl-67"/>
      </object_component>
      <object_component id="oc-8d">
         <name>.int61</name>
         <load_address>0xfffa</load_address>
         <run_address>0xfffa</run_address>
         <size>0x2</size>
         <input_file_ref idref="fl-68"/>
      </object_component>
      <object_component id="oc-8e">
         <name>.int62</name>
         <load_address>0xfffc</load_address>
         <run_address>0xfffc</run_address>
         <size>0x2</size>
         <input_file_ref idref="fl-69"/>
      </object_component>
      <object_component id="oc-36e">
         <name>.reset</name>
         <load_address>0xfffe</load_address>
         <run_address>0xfffe</run_address>
         <size>0x2</size>
         <input_file_ref idref="fl-72"/>
      </object_component>
      <object_component id="oc-50e">
         <name>.debug_info</name>
         <load_address>0x0</load_address>
         <run_address>0x0</run_address>
         <size>0x274</size>
         <input_file_ref idref="fl-2"/>
      </object_component>
      <object_component id="oc-578">
         <name>.debug_info</name>
         <load_address>0x274</load_address>
         <run_address>0x274</run_address>
         <size>0x212</size>
         <input_file_ref idref="fl-2"/>
      </object_component>
      <object_component id="oc-572">
         <name>.debug_info</name>
         <load_address>0x486</load_address>
         <run_address>0x486</run_address>
         <size>0x1d6</size>
         <input_file_ref idref="fl-2"/>
      </object_component>
      <object_component id="oc-45e">
         <name>.debug_info</name>
         <load_address>0x65c</load_address>
         <run_address>0x65c</run_address>
         <size>0x1d7</size>
         <input_file_ref idref="fl-2"/>
      </object_component>
      <object_component id="oc-464">
         <name>.debug_info</name>
         <load_address>0x833</load_address>
         <run_address>0x833</run_address>
         <size>0x1b2</size>
         <input_file_ref idref="fl-2"/>
      </object_component>
      <object_component id="oc-458">
         <name>.debug_info</name>
         <load_address>0x9e5</load_address>
         <run_address>0x9e5</run_address>
         <size>0x1ab</size>
         <input_file_ref idref="fl-2"/>
      </object_component>
      <object_component id="oc-402">
         <name>.debug_info</name>
         <load_address>0xb90</load_address>
         <run_address>0xb90</run_address>
         <size>0x1a1</size>
         <input_file_ref idref="fl-2"/>
      </object_component>
      <object_component id="oc-4a1">
         <name>.debug_info</name>
         <load_address>0xd31</load_address>
         <run_address>0xd31</run_address>
         <size>0x18f</size>
         <input_file_ref idref="fl-2"/>
      </object_component>
      <object_component id="oc-4a7">
         <name>.debug_info</name>
         <load_address>0xec0</load_address>
         <run_address>0xec0</run_address>
         <size>0x265</size>
         <input_file_ref idref="fl-2"/>
      </object_component>
      <object_component id="oc-46c">
         <name>.debug_info</name>
         <load_address>0x1125</load_address>
         <run_address>0x1125</run_address>
         <size>0x26b</size>
         <input_file_ref idref="fl-2"/>
      </object_component>
      <object_component id="oc-594">
         <name>.debug_info</name>
         <load_address>0x1390</load_address>
         <run_address>0x1390</run_address>
         <size>0xee</size>
         <input_file_ref idref="fl-2"/>
      </object_component>
      <object_component id="oc-56a">
         <name>.debug_info</name>
         <load_address>0x147e</load_address>
         <run_address>0x147e</run_address>
         <size>0xf5</size>
         <input_file_ref idref="fl-2"/>
      </object_component>
      <object_component id="oc-445">
         <name>.debug_info</name>
         <load_address>0x1573</load_address>
         <run_address>0x1573</run_address>
         <size>0x8b</size>
         <input_file_ref idref="fl-2"/>
      </object_component>
      <object_component id="oc-4f2">
         <name>.debug_info</name>
         <load_address>0x15fe</load_address>
         <run_address>0x15fe</run_address>
         <size>0x282</size>
         <input_file_ref idref="fl-2"/>
      </object_component>
      <object_component id="oc-44b">
         <name>.debug_info</name>
         <load_address>0x1880</load_address>
         <run_address>0x1880</run_address>
         <size>0xbb</size>
         <input_file_ref idref="fl-2"/>
      </object_component>
      <object_component id="oc-624">
         <name>.debug_info</name>
         <load_address>0x193b</load_address>
         <run_address>0x193b</run_address>
         <size>0x4c3</size>
         <input_file_ref idref="fl-4"/>
      </object_component>
      <object_component id="oc-561">
         <name>.debug_info</name>
         <load_address>0x1dfe</load_address>
         <run_address>0x1dfe</run_address>
         <size>0x13a</size>
         <input_file_ref idref="fl-4"/>
      </object_component>
      <object_component id="oc-552">
         <name>.debug_info</name>
         <load_address>0x1f38</load_address>
         <run_address>0x1f38</run_address>
         <size>0xe1</size>
         <input_file_ref idref="fl-4"/>
      </object_component>
      <object_component id="oc-5e3">
         <name>.debug_info</name>
         <load_address>0x2019</load_address>
         <run_address>0x2019</run_address>
         <size>0x153</size>
         <input_file_ref idref="fl-4"/>
      </object_component>
      <object_component id="oc-500">
         <name>.debug_info</name>
         <load_address>0x216c</load_address>
         <run_address>0x216c</run_address>
         <size>0x1ca</size>
         <input_file_ref idref="fl-4"/>
      </object_component>
      <object_component id="oc-564">
         <name>.debug_info</name>
         <load_address>0x2336</load_address>
         <run_address>0x2336</run_address>
         <size>0x146</size>
         <input_file_ref idref="fl-4"/>
      </object_component>
      <object_component id="oc-495">
         <name>.debug_info</name>
         <load_address>0x247c</load_address>
         <run_address>0x247c</run_address>
         <size>0x16d</size>
         <input_file_ref idref="fl-4"/>
      </object_component>
      <object_component id="oc-490">
         <name>.debug_info</name>
         <load_address>0x25e9</load_address>
         <run_address>0x25e9</run_address>
         <size>0x238</size>
         <input_file_ref idref="fl-4"/>
      </object_component>
      <object_component id="oc-640">
         <name>.debug_info</name>
         <load_address>0x2821</load_address>
         <run_address>0x2821</run_address>
         <size>0x3af</size>
         <input_file_ref idref="fl-5"/>
      </object_component>
      <object_component id="oc-57f">
         <name>.debug_info</name>
         <load_address>0x2bd0</load_address>
         <run_address>0x2bd0</run_address>
         <size>0xe2</size>
         <input_file_ref idref="fl-5"/>
      </object_component>
      <object_component id="oc-4af">
         <name>.debug_info</name>
         <load_address>0x2cb2</load_address>
         <run_address>0x2cb2</run_address>
         <size>0x186</size>
         <input_file_ref idref="fl-5"/>
      </object_component>
      <object_component id="oc-49b">
         <name>.debug_info</name>
         <load_address>0x2e38</load_address>
         <run_address>0x2e38</run_address>
         <size>0x186</size>
         <input_file_ref idref="fl-5"/>
      </object_component>
      <object_component id="oc-409">
         <name>.debug_info</name>
         <load_address>0x2fbe</load_address>
         <run_address>0x2fbe</run_address>
         <size>0x504</size>
         <input_file_ref idref="fl-6"/>
      </object_component>
      <object_component id="oc-3ed">
         <name>.debug_info</name>
         <load_address>0x34c2</load_address>
         <run_address>0x34c2</run_address>
         <size>0x174</size>
         <input_file_ref idref="fl-6"/>
      </object_component>
      <object_component id="oc-424">
         <name>.debug_info</name>
         <load_address>0x3636</load_address>
         <run_address>0x3636</run_address>
         <size>0x187</size>
         <input_file_ref idref="fl-6"/>
      </object_component>
      <object_component id="oc-38f">
         <name>.debug_info</name>
         <load_address>0x37bd</load_address>
         <run_address>0x37bd</run_address>
         <size>0x264</size>
         <input_file_ref idref="fl-6"/>
      </object_component>
      <object_component id="oc-3d8">
         <name>.debug_info</name>
         <load_address>0x3a21</load_address>
         <run_address>0x3a21</run_address>
         <size>0x2c</size>
         <input_file_ref idref="fl-6"/>
      </object_component>
      <object_component id="oc-52b">
         <name>.debug_info</name>
         <load_address>0x3a4d</load_address>
         <run_address>0x3a4d</run_address>
         <size>0x2c</size>
         <input_file_ref idref="fl-6"/>
      </object_component>
      <object_component id="oc-375">
         <name>.debug_info</name>
         <load_address>0x3a79</load_address>
         <run_address>0x3a79</run_address>
         <size>0x84</size>
         <input_file_ref idref="fl-7"/>
      </object_component>
      <object_component id="oc-674">
         <name>.debug_info</name>
         <load_address>0x3afd</load_address>
         <run_address>0x3afd</run_address>
         <size>0x181</size>
         <input_file_ref idref="fl-15"/>
      </object_component>
      <object_component id="oc-5cd">
         <name>.debug_info</name>
         <load_address>0x3c7e</load_address>
         <run_address>0x3c7e</run_address>
         <size>0x10f</size>
         <input_file_ref idref="fl-15"/>
      </object_component>
      <object_component id="oc-4fb">
         <name>.debug_info</name>
         <load_address>0x3d8d</load_address>
         <run_address>0x3d8d</run_address>
         <size>0x219</size>
         <input_file_ref idref="fl-15"/>
      </object_component>
      <object_component id="oc-507">
         <name>.debug_info</name>
         <load_address>0x3fa6</load_address>
         <run_address>0x3fa6</run_address>
         <size>0x21b</size>
         <input_file_ref idref="fl-15"/>
      </object_component>
      <object_component id="oc-54c">
         <name>.debug_info</name>
         <load_address>0x41c1</load_address>
         <run_address>0x41c1</run_address>
         <size>0x243</size>
         <input_file_ref idref="fl-15"/>
      </object_component>
      <object_component id="oc-546">
         <name>.debug_info</name>
         <load_address>0x4404</load_address>
         <run_address>0x4404</run_address>
         <size>0x241</size>
         <input_file_ref idref="fl-15"/>
      </object_component>
      <object_component id="oc-53a">
         <name>.debug_info</name>
         <load_address>0x4645</load_address>
         <run_address>0x4645</run_address>
         <size>0x213</size>
         <input_file_ref idref="fl-15"/>
      </object_component>
      <object_component id="oc-540">
         <name>.debug_info</name>
         <load_address>0x4858</load_address>
         <run_address>0x4858</run_address>
         <size>0x211</size>
         <input_file_ref idref="fl-15"/>
      </object_component>
      <object_component id="oc-6a6">
         <name>.debug_info</name>
         <load_address>0x4a69</load_address>
         <run_address>0x4a69</run_address>
         <size>0x15c</size>
         <input_file_ref idref="fl-2a"/>
      </object_component>
      <object_component id="oc-6a9">
         <name>.debug_info</name>
         <load_address>0x4bc5</load_address>
         <run_address>0x4bc5</run_address>
         <size>0x2b2</size>
         <input_file_ref idref="fl-2a"/>
      </object_component>
      <object_component id="oc-626">
         <name>.debug_info</name>
         <load_address>0x4e77</load_address>
         <run_address>0x4e77</run_address>
         <size>0x326</size>
         <input_file_ref idref="fl-2a"/>
      </object_component>
      <object_component id="oc-555">
         <name>.debug_info</name>
         <load_address>0x519d</load_address>
         <run_address>0x519d</run_address>
         <size>0x1d6</size>
         <input_file_ref idref="fl-2a"/>
      </object_component>
      <object_component id="oc-642">
         <name>.debug_info</name>
         <load_address>0x5373</load_address>
         <run_address>0x5373</run_address>
         <size>0x176</size>
         <input_file_ref idref="fl-2c"/>
      </object_component>
      <object_component id="oc-3fc">
         <name>.debug_info</name>
         <load_address>0x54e9</load_address>
         <run_address>0x54e9</run_address>
         <size>0x20f</size>
         <input_file_ref idref="fl-2c"/>
      </object_component>
      <object_component id="oc-3e7">
         <name>.debug_info</name>
         <load_address>0x56f8</load_address>
         <run_address>0x56f8</run_address>
         <size>0x1cf</size>
         <input_file_ref idref="fl-2c"/>
      </object_component>
      <object_component id="oc-3e2">
         <name>.debug_info</name>
         <load_address>0x58c7</load_address>
         <run_address>0x58c7</run_address>
         <size>0x1dc</size>
         <input_file_ref idref="fl-2c"/>
      </object_component>
      <object_component id="oc-582">
         <name>.debug_info</name>
         <load_address>0x5aa3</load_address>
         <run_address>0x5aa3</run_address>
         <size>0x1fc</size>
         <input_file_ref idref="fl-2c"/>
      </object_component>
      <object_component id="oc-3f7">
         <name>.debug_info</name>
         <load_address>0x5c9f</load_address>
         <run_address>0x5c9f</run_address>
         <size>0x1e0</size>
         <input_file_ref idref="fl-2c"/>
      </object_component>
      <object_component id="oc-58e">
         <name>.debug_info</name>
         <load_address>0x5e7f</load_address>
         <run_address>0x5e7f</run_address>
         <size>0x20c</size>
         <input_file_ref idref="fl-2c"/>
      </object_component>
      <object_component id="oc-589">
         <name>.debug_info</name>
         <load_address>0x608b</load_address>
         <run_address>0x608b</run_address>
         <size>0x1c1</size>
         <input_file_ref idref="fl-2c"/>
      </object_component>
      <object_component id="oc-632">
         <name>.debug_info</name>
         <load_address>0x624c</load_address>
         <run_address>0x624c</run_address>
         <size>0x17b</size>
         <input_file_ref idref="fl-2e"/>
      </object_component>
      <object_component id="oc-5d7">
         <name>.debug_info</name>
         <load_address>0x63c7</load_address>
         <run_address>0x63c7</run_address>
         <size>0x1eb</size>
         <input_file_ref idref="fl-2e"/>
      </object_component>
      <object_component id="oc-679">
         <name>.debug_info</name>
         <load_address>0x65b2</load_address>
         <run_address>0x65b2</run_address>
         <size>0x1ab</size>
         <input_file_ref idref="fl-2e"/>
      </object_component>
      <object_component id="oc-5dd">
         <name>.debug_info</name>
         <load_address>0x675d</load_address>
         <run_address>0x675d</run_address>
         <size>0x1a1</size>
         <input_file_ref idref="fl-2e"/>
      </object_component>
      <object_component id="oc-55c">
         <name>.debug_info</name>
         <load_address>0x68fe</load_address>
         <run_address>0x68fe</run_address>
         <size>0x203</size>
         <input_file_ref idref="fl-2e"/>
      </object_component>
      <object_component id="oc-5d1">
         <name>.debug_info</name>
         <load_address>0x6b01</load_address>
         <run_address>0x6b01</run_address>
         <size>0x1db</size>
         <input_file_ref idref="fl-2e"/>
      </object_component>
      <object_component id="oc-637">
         <name>.debug_info</name>
         <load_address>0x6cdc</load_address>
         <run_address>0x6cdc</run_address>
         <size>0x1bc</size>
         <input_file_ref idref="fl-2e"/>
      </object_component>
      <object_component id="oc-48b">
         <name>.debug_info</name>
         <load_address>0x6e98</load_address>
         <run_address>0x6e98</run_address>
         <size>0x1c0</size>
         <input_file_ref idref="fl-2f"/>
      </object_component>
      <object_component id="oc-484">
         <name>.debug_info</name>
         <load_address>0x7058</load_address>
         <run_address>0x7058</run_address>
         <size>0x229</size>
         <input_file_ref idref="fl-50"/>
      </object_component>
      <object_component id="oc-40e">
         <name>.debug_info</name>
         <load_address>0x7281</load_address>
         <run_address>0x7281</run_address>
         <size>0x1c2</size>
         <input_file_ref idref="fl-50"/>
      </object_component>
      <object_component id="oc-473">
         <name>.debug_info</name>
         <load_address>0x7443</load_address>
         <run_address>0x7443</run_address>
         <size>0x198</size>
         <input_file_ref idref="fl-50"/>
      </object_component>
      <object_component id="oc-47b">
         <name>.debug_info</name>
         <load_address>0x75db</load_address>
         <run_address>0x75db</run_address>
         <size>0x16d</size>
         <input_file_ref idref="fl-50"/>
      </object_component>
      <object_component id="oc-614">
         <name>.debug_info</name>
         <load_address>0x7748</load_address>
         <run_address>0x7748</run_address>
         <size>0x2c</size>
         <input_file_ref idref="fl-50"/>
      </object_component>
      <object_component id="oc-6b6">
         <name>.debug_info</name>
         <load_address>0x7774</load_address>
         <run_address>0x7774</run_address>
         <size>0x135</size>
         <input_file_ref idref="fl-51"/>
      </object_component>
      <object_component id="oc-6e0">
         <name>.debug_info</name>
         <load_address>0x78a9</load_address>
         <run_address>0x78a9</run_address>
         <size>0x121</size>
         <input_file_ref idref="fl-52"/>
      </object_component>
      <object_component id="oc-6af">
         <name>.debug_info</name>
         <load_address>0x79ca</load_address>
         <run_address>0x79ca</run_address>
         <size>0x138</size>
         <input_file_ref idref="fl-53"/>
      </object_component>
      <object_component id="oc-62e">
         <name>.debug_info</name>
         <load_address>0x7b02</load_address>
         <run_address>0x7b02</run_address>
         <size>0x123</size>
         <input_file_ref idref="fl-54"/>
      </object_component>
      <object_component id="oc-388">
         <name>.debug_info</name>
         <load_address>0x7c25</load_address>
         <run_address>0x7c25</run_address>
         <size>0x10f</size>
         <input_file_ref idref="fl-6a"/>
      </object_component>
      <object_component id="oc-6fd">
         <name>.debug_info</name>
         <load_address>0x7d34</load_address>
         <run_address>0x7d34</run_address>
         <size>0x120</size>
         <input_file_ref idref="fl-6b"/>
      </object_component>
      <object_component id="oc-667">
         <name>.debug_info</name>
         <load_address>0x7e54</load_address>
         <run_address>0x7e54</run_address>
         <size>0x130</size>
         <input_file_ref idref="fl-6c"/>
      </object_component>
      <object_component id="oc-701">
         <name>.debug_info</name>
         <load_address>0x7f84</load_address>
         <run_address>0x7f84</run_address>
         <size>0x130</size>
         <input_file_ref idref="fl-6f"/>
      </object_component>
      <object_component id="oc-36c">
         <name>.debug_info</name>
         <load_address>0x80b4</load_address>
         <run_address>0x80b4</run_address>
         <size>0x100</size>
         <input_file_ref idref="fl-72"/>
      </object_component>
      <object_component id="oc-3a5">
         <name>.debug_info</name>
         <load_address>0x81b4</load_address>
         <run_address>0x81b4</run_address>
         <size>0x17a</size>
         <input_file_ref idref="fl-72"/>
      </object_component>
      <object_component id="oc-5b2">
         <name>.debug_info</name>
         <load_address>0x832e</load_address>
         <run_address>0x832e</run_address>
         <size>0x3fc</size>
         <input_file_ref idref="fl-73"/>
      </object_component>
      <object_component id="oc-4d9">
         <name>.debug_info</name>
         <load_address>0x872a</load_address>
         <run_address>0x872a</run_address>
         <size>0x230</size>
         <input_file_ref idref="fl-73"/>
      </object_component>
      <object_component id="oc-65c">
         <name>.debug_info</name>
         <load_address>0x895a</load_address>
         <run_address>0x895a</run_address>
         <size>0x39</size>
         <input_file_ref idref="fl-73"/>
      </object_component>
      <object_component id="oc-66d">
         <name>.debug_info</name>
         <load_address>0x8993</load_address>
         <run_address>0x8993</run_address>
         <size>0x2c</size>
         <input_file_ref idref="fl-73"/>
      </object_component>
      <object_component id="oc-5bd">
         <name>.debug_info</name>
         <load_address>0x89bf</load_address>
         <run_address>0x89bf</run_address>
         <size>0x2c</size>
         <input_file_ref idref="fl-73"/>
      </object_component>
      <object_component id="oc-661">
         <name>.debug_info</name>
         <load_address>0x89eb</load_address>
         <run_address>0x89eb</run_address>
         <size>0xcd</size>
         <input_file_ref idref="fl-73"/>
      </object_component>
      <object_component id="oc-418">
         <name>.debug_info</name>
         <load_address>0x8ab8</load_address>
         <run_address>0x8ab8</run_address>
         <size>0x17f</size>
         <input_file_ref idref="fl-74"/>
      </object_component>
      <object_component id="oc-396">
         <name>.debug_info</name>
         <load_address>0x8c37</load_address>
         <run_address>0x8c37</run_address>
         <size>0x1d7</size>
         <input_file_ref idref="fl-74"/>
      </object_component>
      <object_component id="oc-413">
         <name>.debug_info</name>
         <load_address>0x8e0e</load_address>
         <run_address>0x8e0e</run_address>
         <size>0x46</size>
         <input_file_ref idref="fl-74"/>
      </object_component>
      <object_component id="oc-41e">
         <name>.debug_info</name>
         <load_address>0x8e54</load_address>
         <run_address>0x8e54</run_address>
         <size>0x153</size>
         <input_file_ref idref="fl-77"/>
      </object_component>
      <object_component id="oc-5ad">
         <name>.debug_info</name>
         <load_address>0x8fa7</load_address>
         <run_address>0x8fa7</run_address>
         <size>0x150</size>
         <input_file_ref idref="fl-78"/>
      </object_component>
      <object_component id="oc-386">
         <name>.debug_info</name>
         <load_address>0x90f7</load_address>
         <run_address>0x90f7</run_address>
         <size>0x18f</size>
         <input_file_ref idref="fl-79"/>
      </object_component>
      <object_component id="oc-75">
         <name>.debug_info</name>
         <load_address>0x9286</load_address>
         <run_address>0x9286</run_address>
         <size>0x1d3</size>
         <input_file_ref idref="fl-79"/>
      </object_component>
      <object_component id="oc-381">
         <name>.debug_info</name>
         <load_address>0x9459</load_address>
[...]
         <name>UCB1I2COA_H</name>
         <value>0x631</value>
      </symbol>
      <symbol id="sm-2d1">
         <name>UCB1I2CSA</name>
         <value>0x632</value>
      </symbol>
      <symbol id="sm-2d2">
         <name>UCB1I2CSA_L</name>
         <value>0x632</value>
      </symbol>
      <symbol id="sm-2d3">
         <name>UCB1I2CSA_H</name>
         <value>0x633</value>
      </symbol>
      <symbol id="sm-2d4">
         <name>UCB1ICTL</name>
         <value>0x63c</value>
      </symbol>
      <symbol id="sm-2d5">
         <name>UCB1ICTL_L</name>
         <value>0x63c</value>
      </symbol>
      <symbol id="sm-2d6">
         <name>UCB1ICTL_H</name>
         <value>0x63d</value>
      </symbol>
      <symbol id="sm-2d7">
         <name>UCB1IV</name>
         <value>0x63e</value>
      </symbol>
      <symbol id="sm-2d8">
         <name>WDTCTL</name>
         <value>0x15c</value>
      </symbol>
      <symbol id="sm-2d9">
         <name>WDTCTL_L</name>
         <value>0x15c</value>
      </symbol>
      <symbol id="sm-2da">
         <name>WDTCTL_H</name>
         <value>0x15d</value>
      </symbol>
      <symbol id="sm-2db">
         <name>__TI_CINIT_Base</name>
         <value>0x46e6</value>
      </symbol>
      <symbol id="sm-2dc">
         <name>__TI_CINIT_Limit</name>
         <value>0x46f6</value>
      </symbol>
      <symbol id="sm-2dd">
         <name>__TI_Handler_Table_Base</name>
         <value>0x46d4</value>
      </symbol>
      <symbol id="sm-2de">
         <name>__TI_Handler_Table_Limit</name>
         <value>0x46e0</value>
      </symbol>
      <symbol id="sm-2df">
         <name>__STACK_SIZE</name>
         <value>0xa0</value>
      </symbol>
      <symbol id="sm-2e0">
         <name>__STACK_END</name>
         <value>0x4400</value>
      </symbol>
      <symbol id="sm-2e1">
         <name>__c_args__</name>
         <value>0xffffffff</value>
      </symbol>
      <symbol id="sm-2e2">
         <name>__TI_pprof_out_hndl</name>
         <value>0xffffffff</value>
      </symbol>
      <symbol id="sm-2e3">
         <name>__TI_prof_data_start</name>
         <value>0xffffffff</value>
      </symbol>
      <symbol id="sm-2e4">
         <name>__TI_prof_data_size</name>
         <value>0xffffffff</value>
      </symbol>
      <symbol id="sm-3a0">
         <name>writeSetupRegister</name>
         <value>0x1169a</value>
         <object_component_ref idref="oc-577"/>
      </symbol>
      <symbol id="sm-3a1">
         <name>ADC_reset</name>
         <value>0x11576</value>
         <object_component_ref idref="oc-4a0"/>
      </symbol>
      <symbol id="sm-3a2">
         <name>setNextOperation</name>
         <value>0x117fa</value>
         <object_component_ref idref="oc-45d"/>
      </symbol>
      <symbol id="sm-3a3">
         <name>readADresult</name>
         <value>0x116fc</value>
         <object_component_ref idref="oc-463"/>
      </symbol>
      <symbol id="sm-3a4">
         <name>is_DRDY</name>
         <value>0x1186c</value>
         <object_component_ref idref="oc-457"/>
      </symbol>
      <symbol id="sm-3a5">
         <name>ADC_init</name>
         <value>0x11458</value>
         <object_component_ref idref="oc-4a6"/>
      </symbol>
      <symbol id="sm-3a6">
         <name>ADC_retrievedata</name>
         <value>0x118b4</value>
         <object_component_ref idref="oc-401"/>
      </symbol>
      <symbol id="sm-3a7">
         <name>writeClockRegister</name>
         <value>0x11758</value>
         <object_component_ref idref="oc-571"/>
      </symbol>
      <symbol id="sm-3de">
         <name>returnValue</name>
         <value>0x243a</value>
         <object_component_ref idref="oc-560"/>
      </symbol>
      <symbol id="sm-3df">
         <name>GPIO_for_SPI_init</name>
         <value>0x114a6</value>
         <object_component_ref idref="oc-48e"/>
      </symbol>
      <symbol id="sm-3e0">
         <name>SPI_init</name>
         <value>0x112f0</value>
         <object_component_ref idref="oc-494"/>
      </symbol>
      <symbol id="sm-3e1">
         <name>SPI_enable</name>
         <value>0x11a5c</value>
         <object_component_ref idref="oc-563"/>
      </symbol>
      <symbol id="sm-3e2">
         <name>transmitData</name>
         <value>0x243b</value>
         <object_component_ref idref="oc-560"/>
      </symbol>
      <symbol id="sm-3e3">
         <name>receiveData</name>
         <value>0x243c</value>
         <object_component_ref idref="oc-560"/>
      </symbol>
      <symbol id="sm-3e4">
         <name>SPI_send_data_to_slave</name>
         <value>0x116cc</value>
         <object_component_ref idref="oc-4ff"/>
      </symbol>
      <symbol id="sm-3e5">
         <name>SPI_receive_data_from_slave</name>
         <value>0x11a80</value>
         <object_component_ref idref="oc-5e2"/>
      </symbol>
      <symbol id="sm-3ff">
         <name>UART_init</name>
         <value>0x1122c</value>
         <object_component_ref idref="oc-4ac"/>
      </symbol>
      <symbol id="sm-400">
         <name>GPIO_for_UART_init</name>
         <value>0x119dc</value>
         <object_component_ref idref="oc-49a"/>
      </symbol>
      <symbol id="sm-431">
         <name>stringtosend</name>
         <value>0x2400</value>
      </symbol>
      <symbol id="sm-432">
         <name>act_data</name>
         <value>0x2428</value>
         <object_component_ref idref="oc-3ec"/>
      </symbol>
      <symbol id="sm-433">
         <name>__TI_int46</name>
         <value>0xffdc</value>
         <object_component_ref idref="oc-7e"/>
      </symbol>
      <symbol id="sm-434">
         <name>i</name>
         <value>0x2430</value>
         <object_component_ref idref="oc-3ec"/>
      </symbol>
      <symbol id="sm-435">
         <name>response</name>
         <value>0x2431</value>
         <object_component_ref idref="oc-3ec"/>
      </symbol>
      <symbol id="sm-436">
         <name>USCI_A1_ISR</name>
         <value>0x4400</value>
         <object_component_ref idref="oc-38c"/>
      </symbol>
      <symbol id="sm-437">
         <name>main</name>
         <value>0x115b4</value>
         <object_component_ref idref="oc-420"/>
      </symbol>
      <symbol id="sm-438">
         <name>rData</name>
         <value>0x242e</value>
         <object_component_ref idref="oc-3ec"/>
      </symbol>
      <symbol id="sm-439">
         <name>stringfail</name>
         <value>0x242a</value>
         <object_component_ref idref="oc-3ec"/>
      </symbol>
      <symbol id="sm-43a">
         <name>tData</name>
         <value>0x242f</value>
         <object_component_ref idref="oc-3ec"/>
      </symbol>
      <symbol id="sm-488">
         <name>GPIO_setAsInputPin</name>
         <value>0x11666</value>
         <object_component_ref idref="oc-53e"/>
      </symbol>
      <symbol id="sm-489">
         <name>GPIO_setOutputHighOnPin</name>
         <value>0x11972</value>
         <object_component_ref idref="oc-505"/>
      </symbol>
      <symbol id="sm-48a">
         <name>GPIO_setAsOutputPin</name>
         <value>0x11782</value>
         <object_component_ref idref="oc-538"/>
      </symbol>
      <symbol id="sm-48b">
         <name>GPIO_setOutputLowOnPin</name>
         <value>0x1198e</value>
         <object_component_ref idref="oc-4f9"/>
      </symbol>
      <symbol id="sm-48c">
         <name>GPIO_setAsPeripheralModuleFunctionOutputPin</name>
         <value>0x117d2</value>
         <object_component_ref idref="oc-54a"/>
      </symbol>
      <symbol id="sm-48d">
         <name>GPIO_setAsPeripheralModuleFunctionInputPin</name>
         <value>0x117aa</value>
         <object_component_ref idref="oc-544"/>
      </symbol>
      <symbol id="sm-4d4">
         <name>UCS_getSMCLK</name>
         <value>0x119aa</value>
         <object_component_ref idref="oc-554"/>
      </symbol>
      <symbol id="sm-512">
         <name>USCI_A_UART_init</name>
         <value>0x10f72</value>
         <object_component_ref idref="oc-581"/>
      </symbol>
      <symbol id="sm-513">
         <name>USCI_A_UART_getInterruptStatus</name>
         <value>0x11aba</value>
         <object_component_ref idref="oc-3f5"/>
      </symbol>
      <symbol id="sm-514">
         <name>USCI_A_UART_queryStatusFlags</name>
         <value>0x11ac4</value>
         <object_component_ref idref="oc-3e0"/>
      </symbol>
      <symbol id="sm-515">
         <name>USCI_A_UART_receiveData</name>
         <value>0x11954</value>
         <object_component_ref idref="oc-3e6"/>
      </symbol>
      <symbol id="sm-516">
         <name>USCI_A_UART_transmitData</name>
         <value>0x118d6</value>
         <object_component_ref idref="oc-3fb"/>
      </symbol>
      <symbol id="sm-517">
         <name>USCI_A_UART_enableInterrupt</name>
         <value>0x11936</value>
         <object_component_ref idref="oc-58d"/>
      </symbol>
      <symbol id="sm-518">
         <name>USCI_A_UART_enable</name>
         <value>0x11af4</value>
         <object_component_ref idref="oc-587"/>
      </symbol>
      <symbol id="sm-548">
         <name>USCI_B_SPI_enable</name>
         <value>0x11afa</value>
         <object_component_ref idref="oc-635"/>
      </symbol>
      <symbol id="sm-549">
         <name>USCI_B_SPI_getInterruptStatus</name>
         <value>0x11ace</value>
         <object_component_ref idref="oc-5d0"/>
      </symbol>
      <symbol id="sm-54a">
         <name>USCI_B_SPI_initMaster</name>
         <value>0x11350</value>
         <object_component_ref idref="oc-55a"/>
      </symbol>
      <symbol id="sm-54b">
         <name>USCI_B_SPI_transmitData</name>
         <value>0x11ad8</value>
         <object_component_ref idref="oc-5d6"/>
      </symbol>
      <symbol id="sm-54c">
         <name>USCI_B_SPI_isBusy</name>
         <value>0x11aae</value>
         <object_component_ref idref="oc-5dc"/>
      </symbol>
      <symbol id="sm-54d">
         <name>USCI_B_SPI_receiveData</name>
         <value>0x11aec</value>
         <object_component_ref idref="oc-678"/>
      </symbol>
      <symbol id="sm-556">
         <name>WDT_A_hold</name>
         <value>0x118f6</value>
         <object_component_ref idref="oc-488"/>
      </symbol>
      <symbol id="sm-577">
         <name>sprintf</name>
         <value>0x114f2</value>
         <object_component_ref idref="oc-40b"/>
      </symbol>
      <symbol id="sm-583">
         <name>__mspabi_remi</name>
         <value>0x1172c</value>
         <object_component_ref idref="oc-6b3"/>
      </symbol>
      <symbol id="sm-584">
         <name>__mspabi_divi</name>
         <value>0x1172c</value>
         <object_component_ref idref="oc-6b3"/>
      </symbol>
      <symbol id="sm-58e">
         <name>__mspabi_remu</name>
         <value>0x11a08</value>
         <object_component_ref idref="oc-6df"/>
      </symbol>
      <symbol id="sm-58f">
         <name>__mspabi_divu</name>
         <value>0x11a08</value>
         <object_component_ref idref="oc-6df"/>
      </symbol>
      <symbol id="sm-59b">
         <name>__mspabi_remli</name>
         <value>0x11536</value>
         <object_component_ref idref="oc-6ae"/>
      </symbol>
      <symbol id="sm-59c">
         <name>__mspabi_divli</name>
         <value>0x11536</value>
         <object_component_ref idref="oc-6ae"/>
      </symbol>
      <symbol id="sm-5aa">
         <name>__mspabi_remul</name>
         <value>0x113ac</value>
         <object_component_ref idref="oc-62c"/>
      </symbol>
      <symbol id="sm-5ab">
         <name>__mspabi_divul</name>
         <value>0x113ac</value>
         <object_component_ref idref="oc-62c"/>
      </symbol>
      <symbol id="sm-5ae">
         <name>__TI_int41</name>
         <value>0xffd2</value>
         <object_component_ref idref="oc-79"/>
      </symbol>
      <symbol id="sm-5b1">
         <name>__TI_int42</name>
         <value>0xffd4</value>
         <object_component_ref idref="oc-7a"/>
      </symbol>
      <symbol id="sm-5b4">
         <name>__TI_int43</name>
         <value>0xffd6</value>
         <object_component_ref idref="oc-7b"/>
      </symbol>
      <symbol id="sm-5b7">
         <name>__TI_int44</name>
         <value>0xffd8</value>
         <object_component_ref idref="oc-7c"/>
      </symbol>
      <symbol id="sm-5ba">
         <name>__TI_int45</name>
         <value>0xffda</value>
         <object_component_ref idref="oc-7d"/>
      </symbol>
      <symbol id="sm-5bd">
         <name>__TI_int47</name>
         <value>0xffde</value>
         <object_component_ref idref="oc-7f"/>
      </symbol>
      <symbol id="sm-5c0">
         <name>__TI_int48</name>
         <value>0xffe0</value>
         <object_component_ref idref="oc-80"/>
      </symbol>
      <symbol id="sm-5c3">
         <name>__TI_int49</name>
         <value>0xffe2</value>
         <object_component_ref idref="oc-81"/>
      </symbol>
      <symbol id="sm-5c6">
         <name>__TI_int50</name>
         <value>0xffe4</value>
         <object_component_ref idref="oc-82"/>
      </symbol>
      <symbol id="sm-5c9">
         <name>__TI_int51</name>
         <value>0xffe6</value>
         <object_component_ref idref="oc-83"/>
      </symbol>
      <symbol id="sm-5cc">
         <name>__TI_int52</name>
         <value>0xffe8</value>
         <object_component_ref idref="oc-84"/>
      </symbol>
      <symbol id="sm-5cf">
         <name>__TI_int53</name>
         <value>0xffea</value>
         <object_component_ref idref="oc-85"/>
      </symbol>
      <symbol id="sm-5d2">
         <name>__TI_int54</name>
         <value>0xffec</value>
         <object_component_ref idref="oc-86"/>
      </symbol>
      <symbol id="sm-5d5">
         <name>__TI_int55</name>
         <value>0xffee</value>
         <object_component_ref idref="oc-87"/>
      </symbol>
      <symbol id="sm-5d8">
         <name>__TI_int56</name>
         <value>0xfff0</value>
         <object_component_ref idref="oc-88"/>
      </symbol>
      <symbol id="sm-5db">
         <name>__TI_int57</name>
         <value>0xfff2</value>
         <object_component_ref idref="oc-89"/>
      </symbol>
      <symbol id="sm-5de">
         <name>__TI_int58</name>
         <value>0xfff4</value>
         <object_component_ref idref="oc-8a"/>
      </symbol>
      <symbol id="sm-5e1">
         <name>__TI_int59</name>
         <value>0xfff6</value>
         <object_component_ref idref="oc-8b"/>
      </symbol>
      <symbol id="sm-5e4">
         <name>__TI_int60</name>
         <value>0xfff8</value>
         <object_component_ref idref="oc-8c"/>
      </symbol>
      <symbol id="sm-5e7">
         <name>__TI_int61</name>
         <value>0xfffa</value>
         <object_component_ref idref="oc-8d"/>
      </symbol>
      <symbol id="sm-5ea">
         <name>__TI_int62</name>
         <value>0xfffc</value>
         <object_component_ref idref="oc-8e"/>
      </symbol>
      <symbol id="sm-5f2">
         <name>__TI_ISR_TRAP</name>
         <value>0x4532</value>
         <object_component_ref idref="oc-387"/>
      </symbol>
      <symbol id="sm-5fb">
         <name>__mspabi_slli</name>
         <value>0x11ae2</value>
         <object_component_ref idref="oc-6fb"/>
      </symbol>
      <symbol id="sm-603">
         <name>__mspabi_mpyi_f5hw</name>
         <value>0x119c4</value>
         <object_component_ref idref="oc-666"/>
      </symbol>
      <symbol id="sm-60d">
         <name>__mspabi_mpyl_f5hw</name>
         <value>0x11890</value>
         <object_component_ref idref="oc-700"/>
      </symbol>
      <symbol id="sm-61f">
         <name>_stack</name>
         <value>0x4360</value>
         <object_component_ref idref="oc-36b"/>
      </symbol>
      <symbol id="sm-620">
         <name>_c_int00_noargs</name>
         <value>0x4516</value>
         <object_component_ref idref="oc-3a4"/>
      </symbol>
      <symbol id="sm-621">
         <name>_reset_vector</name>
         <value>0xfffe</value>
         <object_component_ref idref="oc-36e"/>
      </symbol>
      <symbol id="sm-644">
         <name>__TI_auto_init_nobinit_nopinit_hold_wdt</name>
         <value>0x11404</value>
         <object_component_ref idref="oc-4d7"/>
      </symbol>
      <symbol id="sm-657">
         <name>__TI_zero_init_nomemset</name>
         <value>0x11848</value>
         <object_component_ref idref="oc-392"/>
      </symbol>
      <symbol id="sm-662">
         <name>_system_pre_init</name>
         <value>0x11b06</value>
         <object_component_ref idref="oc-41a"/>
      </symbol>
      <symbol id="sm-66b">
         <name>_system_post_cinit</name>
         <value>0x11b0a</value>
         <object_component_ref idref="oc-5ab"/>
      </symbol>
      <symbol id="sm-67c">
         <name>__TI_decompress_none</name>
         <value>0x11a6e</value>
         <object_component_ref idref="oc-73"/>
      </symbol>
      <symbol id="sm-69f">
         <name>__TI_decompress_lzss</name>
         <value>0x111b6</value>
         <object_component_ref idref="oc-6d"/>
      </symbol>
      <symbol id="sm-6a9">
         <name>C$$EXIT</name>
         <value>0x11b00</value>
         <object_component_ref idref="oc-4b3"/>
      </symbol>
      <symbol id="sm-6aa">
         <name>abort</name>
         <value>0x11b00</value>
         <object_component_ref idref="oc-4b3"/>
      </symbol>
      <symbol id="sm-6ba">
         <name>memcpy</name>
         <value>0x11a48</value>
         <object_component_ref idref="oc-37a"/>
      </symbol>
      <symbol id="sm-6c7">
         <name>strlen</name>
         <value>0x11aa0</value>
         <object_component_ref idref="oc-3ef"/>
      </symbol>
      <symbol id="sm-7ac">
         <name>__TI_printfi_nofloat</name>
         <value>0x1034e</value>
         <object_component_ref idref="oc-47d"/>
      </symbol>
      <symbol id="sm-7bb">
         <name>__mspabi_srlll</name>
         <value>0x1162c</value>
         <object_component_ref idref="oc-6e4"/>
      </symbol>
      <symbol id="sm-7ee">
         <name>__mspabi_divull</name>
         <value>0x10000</value>
         <object_component_ref idref="oc-6d9"/>
      </symbol>
      <symbol id="sm-801">
         <name>atoi</name>
         <value>0x1128e</value>
         <object_component_ref idref="oc-5ec"/>
      </symbol>
      <symbol id="sm-80b">
         <name>_ctypes_</name>
         <value>0x453a</value>
         <object_component_ref idref="oc-67f"/>
      </symbol>
      <symbol id="sm-81a">
         <name>memccpy</name>
         <value>0x11822</value>
         <object_component_ref idref="oc-600"/>
      </symbol>
      <symbol id="sm-828">
         <name>memset</name>
         <value>0x119f2</value>
         <object_component_ref idref="oc-5f3"/>
      </symbol>
      <symbol id="sm-82f">
         <name>errno</name>
         <value>0x243e</value>
         <object_component_ref idref="oc-60e"/>
      </symbol>
      <symbol id="sm-847">
         <name>wcslen</name>
         <value>0x11a1e</value>
         <object_component_ref idref="oc-608"/>
      </symbol>
      <symbol id="sm-851">
         <name>__mspabi_srll</name>
         <value>0x11a90</value>
         <object_component_ref idref="oc-710"/>
      </symbol>
      <symbol id="sm-85e">
         <name>__mspabi_sllll</name>
         <value>0x115f2</value>
         <object_component_ref idref="oc-70a"/>
      </symbol>
   </symbol_table>
   <title>Link successful</title>
</link_info>
